[FLASH] Starting FLASH v1.2.11
[FLASH] Fast Length Adjustment of SHort reads
[FLASH]  
[FLASH] Input files:
[FLASH]     tests/data/A1gRNA9_S97_L001_R1_001.fastq.gz
[FLASH]     tests/data/A1gRNA9_S97_L001_R2_001.fastq.gz
[FLASH]  
[FLASH] Output files:
[FLASH]     ./hamp_out.merged/index001.extendedFrags.fastq.gz
[FLASH]     ./hamp_out.merged/index001.notCombined_1.fastq.gz
[FLASH]     ./hamp_out.merged/index001.notCombined_2.fastq.gz
[FLASH]     ./hamp_out.merged/index001.hist
[FLASH]     ./hamp_out.merged/index001.histogram
[FLASH]  
[FLASH] Parameters:
[FLASH]     Min overlap:           10
[FLASH]     Max overlap:           151
[FLASH]     Max mismatch density:  0.250000
[FLASH]     Allow "outie" pairs:   false
[FLASH]     Cap mismatch quals:    false
[FLASH]     Combiner threads:      1
[FLASH]     Input format:          FASTQ, phred_offset=33
[FLASH]     Output format:         FASTQ, phred_offset=33, gzip
[FLASH]  
[FLASH] Starting reader and writer threads
[FLASH] Starting 1 combiner threads
[FLASH] Processed 25000 read pairs
[FLASH] Processed 50000 read pairs
[FLASH] Processed 75000 read pairs
[FLASH] Processed 100000 read pairs
[FLASH] Processed 125000 read pairs
[FLASH] Processed 150000 read pairs
[FLASH] Processed 175000 read pairs
[FLASH] Processed 200000 read pairs
[FLASH] Processed 225000 read pairs
[FLASH] Processed 250000 read pairs
[FLASH] Processed 275000 read pairs
[FLASH] Processed 280033 read pairs
[FLASH]  
[FLASH] Read combination statistics:
[FLASH]     Total pairs:      280033
[FLASH]     Combined pairs:   110465
[FLASH]     Uncombined pairs: 169568
[FLASH]     Percent combined: 39.45%
[FLASH]  
[FLASH] Writing histogram files.
[FLASH]  
[FLASH] FLASH v1.2.11 complete!
[FLASH] 6.815 seconds elapsed
